src/pages/admin/AdminDashboard.tsx(938,43): error TS2339: Property 'percent' does not exist on type 'Props'.
src/pages/messages/Messages.tsx(11,68): error TS2339: Property 'refetch' does not exist on type '{ conversations: any[]; isLoading: boolean; totalUnreadCount: number; }'.
src/pages/messages/Messages.tsx(211,9): error TS2353: Object literal may only specify known properties, and 'updated_at' does not exist in type 'Conversation'.
src/pages/messages/Messages.tsx(375,118): error TS2339: Property 'last_seen' does not exist on type '{ id: string; full_name: string; email: string; avatar_url?: string; is_online?: boolean; }'.
src/pages/messages/Messages.tsx(384,160): error TS2339: Property 'last_seen' does not exist on type '{ id: string; full_name: string; email: string; avatar_url?: string; is_online?: boolean; }'.
src/pages/messages/Messages.tsx(386,122): error TS2339: Property 'last_seen' does not exist on type '{ id: string; full_name: string; email: string; avatar_url?: string; is_online?: boolean; }'.
